INSTRUMENTATION_STATUS: class=io.github.samolego.canta.ops.SafetyDeviceTest
INSTRUMENTATION_STATUS: current=1
INSTRUMENTATION_STATUS: id=AndroidJUnitRunner
INSTRUMENTATION_STATUS: numtests=2
INSTRUMENTATION_STATUS: stream=
io.github.samolego.canta.ops.SafetyDeviceTest:
INSTRUMENTATION_STATUS: test=probesBothProfilesAndRefusesCorePackagesAndUnconfirmedKeyboard
INSTRUMENTATION_STATUS_CODE: 1
INSTRUMENTATION_STATUS: class=io.github.samolego.canta.ops.SafetyDeviceTest
INSTRUMENTATION_STATUS: current=1
INSTRUMENTATION_STATUS: id=AndroidJUnitRunner
INSTRUMENTATION_STATUS: numtests=2
INSTRUMENTATION_STATUS: stream=.
INSTRUMENTATION_STATUS: test=probesBothProfilesAndRefusesCorePackagesAndUnconfirmedKeyboard
INSTRUMENTATION_STATUS_CODE: 0
INSTRUMENTATION_STATUS: class=io.github.samolego.canta.ops.PrivacyImprovementsDeviceTest
INSTRUMENTATION_STATUS: current=2
INSTRUMENTATION_STATUS: id=AndroidJUnitRunner
INSTRUMENTATION_STATUS: numtests=2
INSTRUMENTATION_STATUS: stream=
io.github.samolego.canta.ops.PrivacyImprovementsDeviceTest:
INSTRUMENTATION_STATUS: test=adapterReportsStableIdentityForSelectedProfile
INSTRUMENTATION_STATUS_CODE: 1
INSTRUMENTATION_STATUS: class=io.github.samolego.canta.ops.PrivacyImprovementsDeviceTest
INSTRUMENTATION_STATUS: current=2
INSTRUMENTATION_STATUS: id=AndroidJUnitRunner
INSTRUMENTATION_STATUS: numtests=2
INSTRUMENTATION_STATUS: stream=.
INSTRUMENTATION_STATUS: test=adapterReportsStableIdentityForSelectedProfile
INSTRUMENTATION_STATUS_CODE: 0
INSTRUMENTATION_RESULT: stream=

Time: 42.637

OK (2 tests)


INSTRUMENTATION_CODE: -1
